// Jest Snapshot v1, https://goo.gl/fbAQLP

exports[`App App has searchbar 1`] = `<App />`;

exports[`App App match snapshot 1`] = `<App />`;
